{
  "$schema" : "https://json-schema.org/draft/2019-09/schema",
  "type" : "object",
  "properties" : {
    "age" : {
      "type" : "integer",
      "default" : 28
    },
    "gender" : {
      "type" : [ "string", "null" ]
    },
    "lastName" : {
      "type" : "string"
    },
    "name" : {
      "type" : "string"
    }
  },
  "required" : [ "lastName", "name" ]
}