{
  "$schema" : "https://json-schema.org/draft/2019-09/schema",
  "$defs" : {
    "ComplexConfig" : {
      "type" : "object",
      "properties" : {
        "enabled" : {
          "type" : "boolean",
          "default" : true
        },
        "properties" : {
          "$ref" : "#/$defs/Map(String,String)",
          "default" : { }
        },
        "type" : {
          "$ref" : "#/$defs/ConfigType"
        }
      },
      "required" : [ "type" ]
    },
    "ConfigType" : {
      "type" : "string",
      "enum" : [ "DEVELOPMENT", "PRODUCTION" ]
    },
    "Map(String,String)" : {
      "type" : "object"
    }
  },
  "type" : "object",
  "properties" : {
    "configs" : {
      "default" : [ {
        "type" : "DEVELOPMENT",
        "enabled" : true,
        "properties" : { }
      } ],
      "type" : "array",
      "items" : {
        "$ref" : "#/$defs/ComplexConfig",
        "default" : [ {
          "type" : "DEVELOPMENT",
          "enabled" : true,
          "properties" : { }
        } ]
      }
    },
    "name" : {
      "type" : "string"
    },
    "version" : {
      "type" : [ "string", "null" ]
    }
  },
  "required" : [ "name" ]
}